{"level":"INFO","timestamp":"2023-07-23 12:06:16","msg":"provided","constructor":"go-echo/api/domain.UseSqlc()","stacktrace":["main.main (E:/Projects/Go_Projects/go-echo/cmd/main.go:15)","runtime.main (C:/Program Files/Go/src/runtime/proc.go:250)"],"type":"*domain.Queries"}
{"level":"INFO","timestamp":"2023-07-23 12:06:16","msg":"provided","constructor":"go-echo/api/infrastructure/logger.UseZap()","stacktrace":["main.main (E:/Projects/Go_Projects/go-echo/cmd/main.go:15)","runtime.main (C:/Program Files/Go/src/runtime/proc.go:250)"],"type":"*zap.Logger"}
{"level":"INFO","timestamp":"2023-07-23 12:06:16","msg":"provided","constructor":"go.uber.org/fx.New.func1()","stacktrace":["go.uber.org/fx.New (C:/Program Files/Go/go_path/pkg/mod/go.uber.org/fx@v1.20.0/app.go:475)","main.main (E:/Projects/Go_Projects/go-echo/cmd/main.go:14)","runtime.main (C:/Program Files/Go/src/runtime/proc.go:250)"],"type":"fx.Lifecycle"}
{"level":"INFO","timestamp":"2023-07-23 12:06:16","msg":"provided","constructor":"go.uber.org/fx.(*App).shutdowner-fm()","stacktrace":["go.uber.org/fx.New (C:/Program Files/Go/go_path/pkg/mod/go.uber.org/fx@v1.20.0/app.go:475)","main.main (E:/Projects/Go_Projects/go-echo/cmd/main.go:14)","runtime.main (C:/Program Files/Go/src/runtime/proc.go:250)"],"type":"fx.Shutdowner"}
{"level":"INFO","timestamp":"2023-07-23 12:06:16","msg":"provided","constructor":"go.uber.org/fx.(*App).dotGraph-fm()","stacktrace":["go.uber.org/fx.New (C:/Program Files/Go/go_path/pkg/mod/go.uber.org/fx@v1.20.0/app.go:475)","main.main (E:/Projects/Go_Projects/go-echo/cmd/main.go:14)","runtime.main (C:/Program Files/Go/src/runtime/proc.go:250)"],"type":"fx.DotGraph"}
{"level":"INFO","timestamp":"2023-07-23 12:06:16","msg":"run","name":"go-echo/api/infrastructure/logger.UseZap()","kind":"provide"}
{"level":"INFO","timestamp":"2023-07-23 12:06:16","msg":"initialized custom fxevent.Logger","function":"main.main.func1()"}
{"level":"INFO","timestamp":"2023-07-23 12:06:16","msg":"invoking","function":"go-echo/api.StartHttpServer()"}
{"level":"INFO","timestamp":"2023-07-23 12:06:16","msg":"run","name":"go.uber.org/fx.New.func1()","kind":"provide"}
{"level":"FATAL","timestamp":"2023-07-23 12:06:57","msg":"Error 1045 (28000): Access denied for user 'mysql'@'172.21.0.1' (using password: YES)","caller":"autoMigrate"}
{"level":"INFO","timestamp":"2023-07-23 12:06:58","msg":"provided","constructor":"go-echo/api/domain.UseSqlc()","stacktrace":["main.main (E:/Projects/Go_Projects/go-echo/cmd/main.go:15)","runtime.main (C:/Program Files/Go/src/runtime/proc.go:250)"],"type":"*domain.Queries"}
{"level":"INFO","timestamp":"2023-07-23 12:06:58","msg":"provided","constructor":"go-echo/api/infrastructure/logger.UseZap()","stacktrace":["main.main (E:/Projects/Go_Projects/go-echo/cmd/main.go:15)","runtime.main (C:/Program Files/Go/src/runtime/proc.go:250)"],"type":"*zap.Logger"}
{"level":"INFO","timestamp":"2023-07-23 12:06:58","msg":"provided","constructor":"go.uber.org/fx.New.func1()","stacktrace":["go.uber.org/fx.New (C:/Program Files/Go/go_path/pkg/mod/go.uber.org/fx@v1.20.0/app.go:475)","main.main (E:/Projects/Go_Projects/go-echo/cmd/main.go:14)","runtime.main (C:/Program Files/Go/src/runtime/proc.go:250)"],"type":"fx.Lifecycle"}
{"level":"INFO","timestamp":"2023-07-23 12:06:58","msg":"provided","constructor":"go.uber.org/fx.(*App).shutdowner-fm()","stacktrace":["go.uber.org/fx.New (C:/Program Files/Go/go_path/pkg/mod/go.uber.org/fx@v1.20.0/app.go:475)","main.main (E:/Projects/Go_Projects/go-echo/cmd/main.go:14)","runtime.main (C:/Program Files/Go/src/runtime/proc.go:250)"],"type":"fx.Shutdowner"}
{"level":"INFO","timestamp":"2023-07-23 12:06:58","msg":"provided","constructor":"go.uber.org/fx.(*App).dotGraph-fm()","stacktrace":["go.uber.org/fx.New (C:/Program Files/Go/go_path/pkg/mod/go.uber.org/fx@v1.20.0/app.go:475)","main.main (E:/Projects/Go_Projects/go-echo/cmd/main.go:14)","runtime.main (C:/Program Files/Go/src/runtime/proc.go:250)"],"type":"fx.DotGraph"}
{"level":"INFO","timestamp":"2023-07-23 12:06:58","msg":"run","name":"go-echo/api/infrastructure/logger.UseZap()","kind":"provide"}
{"level":"INFO","timestamp":"2023-07-23 12:06:58","msg":"initialized custom fxevent.Logger","function":"main.main.func1()"}
{"level":"INFO","timestamp":"2023-07-23 12:06:58","msg":"invoking","function":"go-echo/api.StartHttpServer()"}
{"level":"INFO","timestamp":"2023-07-23 12:06:58","msg":"run","name":"go.uber.org/fx.New.func1()","kind":"provide"}
{"level":"FATAL","timestamp":"2023-07-23 12:07:03","msg":"Error 1045 (28000): Access denied for user 'mysql'@'172.21.0.1' (using password: YES)","caller":"autoMigrate"}
{"level":"INFO","timestamp":"2023-07-23 12:07:13","msg":"provided","constructor":"go-echo/api/domain.UseSqlc()","stacktrace":["main.main (E:/Projects/Go_Projects/go-echo/cmd/main.go:15)","runtime.main (C:/Program Files/Go/src/runtime/proc.go:250)"],"type":"*domain.Queries"}
{"level":"INFO","timestamp":"2023-07-23 12:07:13","msg":"provided","constructor":"go-echo/api/infrastructure/logger.UseZap()","stacktrace":["main.main (E:/Projects/Go_Projects/go-echo/cmd/main.go:15)","runtime.main (C:/Program Files/Go/src/runtime/proc.go:250)"],"type":"*zap.Logger"}
{"level":"INFO","timestamp":"2023-07-23 12:07:13","msg":"provided","constructor":"go.uber.org/fx.New.func1()","stacktrace":["go.uber.org/fx.New (C:/Program Files/Go/go_path/pkg/mod/go.uber.org/fx@v1.20.0/app.go:475)","main.main (E:/Projects/Go_Projects/go-echo/cmd/main.go:14)","runtime.main (C:/Program Files/Go/src/runtime/proc.go:250)"],"type":"fx.Lifecycle"}
{"level":"INFO","timestamp":"2023-07-23 12:07:13","msg":"provided","constructor":"go.uber.org/fx.(*App).shutdowner-fm()","stacktrace":["go.uber.org/fx.New (C:/Program Files/Go/go_path/pkg/mod/go.uber.org/fx@v1.20.0/app.go:475)","main.main (E:/Projects/Go_Projects/go-echo/cmd/main.go:14)","runtime.main (C:/Program Files/Go/src/runtime/proc.go:250)"],"type":"fx.Shutdowner"}
{"level":"INFO","timestamp":"2023-07-23 12:07:13","msg":"provided","constructor":"go.uber.org/fx.(*App).dotGraph-fm()","stacktrace":["go.uber.org/fx.New (C:/Program Files/Go/go_path/pkg/mod/go.uber.org/fx@v1.20.0/app.go:475)","main.main (E:/Projects/Go_Projects/go-echo/cmd/main.go:14)","runtime.main (C:/Program Files/Go/src/runtime/proc.go:250)"],"type":"fx.DotGraph"}
{"level":"INFO","timestamp":"2023-07-23 12:07:13","msg":"run","name":"go-echo/api/infrastructure/logger.UseZap()","kind":"provide"}
{"level":"INFO","timestamp":"2023-07-23 12:07:13","msg":"initialized custom fxevent.Logger","function":"main.main.func1()"}
{"level":"INFO","timestamp":"2023-07-23 12:07:13","msg":"invoking","function":"go-echo/api.StartHttpServer()"}
{"level":"INFO","timestamp":"2023-07-23 12:07:13","msg":"run","name":"go.uber.org/fx.New.func1()","kind":"provide"}
{"level":"FATAL","timestamp":"2023-07-23 12:08:47","msg":"Error 1045 (28000): Access denied for user 'mysql'@'172.21.0.1' (using password: YES)","caller":"autoMigrate"}
{"level":"INFO","timestamp":"2023-07-24 01:11:24","msg":"provided","constructor":"go-echo/api/domain.UseSqlc()","stacktrace":["main.main (E:/Projects/Go_Projects/go-echo/cmd/main.go:15)","runtime.main (C:/Program Files/Go/src/runtime/proc.go:250)"],"type":"*domain.Queries"}
{"level":"INFO","timestamp":"2023-07-24 01:11:24","msg":"provided","constructor":"go-echo/api/infrastructure/logger.UseZap()","stacktrace":["main.main (E:/Projects/Go_Projects/go-echo/cmd/main.go:15)","runtime.main (C:/Program Files/Go/src/runtime/proc.go:250)"],"type":"*zap.Logger"}
{"level":"INFO","timestamp":"2023-07-24 01:11:24","msg":"provided","constructor":"go.uber.org/fx.New.func1()","stacktrace":["go.uber.org/fx.New (C:/Program Files/Go/go_path/pkg/mod/go.uber.org/fx@v1.20.0/app.go:475)","main.main (E:/Projects/Go_Projects/go-echo/cmd/main.go:14)","runtime.main (C:/Program Files/Go/src/runtime/proc.go:250)"],"type":"fx.Lifecycle"}
{"level":"INFO","timestamp":"2023-07-24 01:11:24","msg":"provided","constructor":"go.uber.org/fx.(*App).shutdowner-fm()","stacktrace":["go.uber.org/fx.New (C:/Program Files/Go/go_path/pkg/mod/go.uber.org/fx@v1.20.0/app.go:475)","main.main (E:/Projects/Go_Projects/go-echo/cmd/main.go:14)","runtime.main (C:/Program Files/Go/src/runtime/proc.go:250)"],"type":"fx.Shutdowner"}
{"level":"INFO","timestamp":"2023-07-24 01:11:24","msg":"provided","constructor":"go.uber.org/fx.(*App).dotGraph-fm()","stacktrace":["go.uber.org/fx.New (C:/Program Files/Go/go_path/pkg/mod/go.uber.org/fx@v1.20.0/app.go:475)","main.main (E:/Projects/Go_Projects/go-echo/cmd/main.go:14)","runtime.main (C:/Program Files/Go/src/runtime/proc.go:250)"],"type":"fx.DotGraph"}
{"level":"INFO","timestamp":"2023-07-24 01:11:24","msg":"run","name":"go-echo/api/infrastructure/logger.UseZap()","kind":"provide"}
{"level":"INFO","timestamp":"2023-07-24 01:11:24","msg":"initialized custom fxevent.Logger","function":"main.main.func1()"}
{"level":"INFO","timestamp":"2023-07-24 01:11:24","msg":"invoking","function":"go-echo/api.StartHttpServer()"}
{"level":"INFO","timestamp":"2023-07-24 01:11:24","msg":"run","name":"go.uber.org/fx.New.func1()","kind":"provide"}
{"level":"INFO","timestamp":"2023-07-24 01:11:24","msg":"Connect to mysql success"}
{"level":"FATAL","timestamp":"2023-07-24 01:12:16","msg":"Error when run db migration: Error 1045 (28000): Access denied for user 'root'@'172.21.0.1' (using password: YES)"}
